******************************************************************************
             TMS320C2000 Linker PC v15.12.1                    
******************************************************************************
>> Linked Wed Jun 22 16:28:00 2022

OUTPUT FILE NAME:   <Digital_Dice.out>
ENTRY POINT SYMBOL: "_c_int00"  address: 00009bce


MEMORY CONFIGURATION

         name            origin    length      used     unused   attr    fill
----------------------  --------  ---------  --------  --------  ----  --------
PAGE 0:
  BEGIN                 00000000   00000002  00000002  00000000  RWIX
  RAMM0                 00000050   000003b0  00000000  000003b0  RWIX
  RAML0                 00008000   00001000  00000034  00000fcc  RWIX
  RAML1                 00009000   00001000  00000dc7  00000239  RWIX
  RAML2                 0000a000   00001000  00000000  00001000  RWIX
  RAML3                 0000b000   00001000  00000000  00001000  RWIX
  ZONE7A                00200000   0000fc00  00000000  0000fc00  RWIX
  CSM_RSVD              0033ff80   00000076  00000000  00000076  RWIX
  CSM_PWL               0033fff8   00000008  00000000  00000008  RWIX
  ADC_CAL               00380080   00000009  00000007  00000002  RWIX
  IQTABLES              003fe000   00000b50  00000000  00000b50  RWIX
  IQTABLES2             003feb50   0000008c  00000000  0000008c  RWIX
  FPUTABLES             003febdc   000006a0  00000000  000006a0  RWIX
  BOOTROM               003ff27c   00000d44  00000000  00000d44  RWIX
  RESET                 003fffc0   00000002  00000000  00000002  RWIX

PAGE 1:
  BOOT_RSVD             00000002   0000004e  00000000  0000004e  RWIX
  RAMM1                 00000400   00000400  00000300  00000100  RWIX
  DEV_EMU               00000880   00000180  000000d0  000000b0  RWIX
  FLASH_REGS            00000a80   00000060  00000008  00000058  RWIX
  CSM                   00000ae0   00000010  00000010  00000000  RWIX
  ADC_MIRROR            00000b00   00000010  00000010  00000000  RWIX
  XINTF                 00000b20   00000020  0000001e  00000002  RWIX
  CPU_TIMER0            00000c00   00000008  00000008  00000000  RWIX
  CPU_TIMER1            00000c08   00000008  00000008  00000000  RWIX
  CPU_TIMER2            00000c10   00000008  00000008  00000000  RWIX
  PIE_CTRL              00000ce0   00000020  0000001a  00000006  RWIX
  PIE_VECT              00000d00   00000100  00000100  00000000  RWIX
  DMA                   00001000   00000200  000000e0  00000120  RWIX
  MCBSPA                00005000   00000040  00000025  0000001b  RWIX
  MCBSPB                00005040   00000040  00000025  0000001b  RWIX
  ECANA                 00006000   00000040  00000034  0000000c  RWIX
  ECANA_LAM             00006040   00000040  00000040  00000000  RWIX
  ECANA_MOTS            00006080   00000040  00000040  00000000  RWIX
  ECANA_MOTO            000060c0   00000040  00000040  00000000  RWIX
  ECANA_MBOX            00006100   00000100  00000100  00000000  RWIX
  ECANB                 00006200   00000040  00000034  0000000c  RWIX
  ECANB_LAM             00006240   00000040  00000040  00000000  RWIX
  ECANB_MOTS            00006280   00000040  00000040  00000000  RWIX
  ECANB_MOTO            000062c0   00000040  00000040  00000000  RWIX
  ECANB_MBOX            00006300   00000100  00000100  00000000  RWIX
  EPWM1                 00006800   00000022  00000022  00000000  RWIX
  EPWM2                 00006840   00000022  00000022  00000000  RWIX
  EPWM3                 00006880   00000022  00000022  00000000  RWIX
  EPWM4                 000068c0   00000022  00000022  00000000  RWIX
  EPWM5                 00006900   00000022  00000022  00000000  RWIX
  EPWM6                 00006940   00000022  00000022  00000000  RWIX
  ECAP1                 00006a00   00000020  00000020  00000000  RWIX
  ECAP2                 00006a20   00000020  00000020  00000000  RWIX
  ECAP3                 00006a40   00000020  00000020  00000000  RWIX
  ECAP4                 00006a60   00000020  00000020  00000000  RWIX
  ECAP5                 00006a80   00000020  00000020  00000000  RWIX
  ECAP6                 00006aa0   00000020  00000020  00000000  RWIX
  EQEP1                 00006b00   00000040  00000040  00000000  RWIX
  EQEP2                 00006b40   00000040  00000040  00000000  RWIX
  GPIOCTRL              00006f80   00000040  0000002e  00000012  RWIX
  GPIODAT               00006fc0   00000020  00000020  00000000  RWIX
  GPIOINT               00006fe0   00000020  0000000a  00000016  RWIX
  SYSTEM                00007010   00000020  00000020  00000000  RWIX
  SPIA                  00007040   00000010  00000010  00000000  RWIX
  SCIA                  00007050   00000010  00000010  00000000  RWIX
  XINTRUPT              00007070   00000010  00000010  00000000  RWIX
  ADC                   00007100   00000020  0000001e  00000002  RWIX
  SCIB                  00007750   00000010  00000010  00000000  RWIX
  SCIC                  00007770   00000010  00000010  00000000  RWIX
  I2CA                  00007900   00000040  00000022  0000001e  RWIX
  RAML4                 0000c000   00001000  0000003c  00000fc4  RWIX
  RAML5                 0000d000   00001000  00000508  00000af8  RWIX
  RAML6                 0000e000   00001000  00000000  00001000  RWIX
  RAML7                 0000f000   00001000  00000000  00001000  RWIX
  ZONE7B                0020fc00   00000400  00000000  00000400  RWIX
  CSM_PWL               0033fff8   00000008  00000008  00000000  RWIX
  PARTID                00380090   00000001  00000001  00000000  RWIX


SECTION ALLOCATION MAP

 output                                  attributes/
section   page    origin      length       input sections
--------  ----  ----------  ----------   ----------------
codestart 
*          0    00000000    00000002     
                  00000000    00000002     DSP2833x_CodeStartBranch.obj (codestart)

.cinit     0    00008000    00000030     
                  00008000    00000011     main.obj (.cinit)
                  00008011    0000000e     rts2800_fpu32.lib : exit.obj (.cinit)
                  0000801f    00000005                       : _lock.obj (.cinit:__lock)
                  00008024    00000005                       : _lock.obj (.cinit:__unlock)
                  00008029    00000005                       : rand.obj (.cinit)
                  0000802e    00000002     --HOLE-- [fill = 0]

ramfuncs   0    00008030    00000004     
                  00008030    00000004     DSP2833x_usDelay.obj (ramfuncs)

.text      0    00009000    00000dc7     
                  00009000    00000475     main.obj (.text)
                  00009475    0000034b     DSP2833x_SciStdio.obj (.text)
                  000097c0    00000316     DSP2833x_DefaultIsr.obj (.text:retain)
                  00009ad6    000000f8     DSP2833x_SysCtrl.obj (.text)
                  00009bce    00000056     rts2800_fpu32.lib : boot.obj (.text)
                  00009c24    0000004a     DSP2833x_Sci.obj (.text)
                  00009c6e    00000046     rts2800_fpu32.lib : cpy_tbl.obj (.text)
                  00009cb4    0000002e                       : rand.obj (.text)
                  00009ce2    00000029                       : exit.obj (.text)
                  00009d0b    00000028     DSP2833x_PieCtrl.obj (.text)
                  00009d33    00000022     rts2800_fpu32.lib : i_div.obj (.text)
                  00009d55    00000020     DSP2833x_PieVect.obj (.text)
                  00009d75    0000001a     rts2800_fpu32.lib : cpy_utils.obj (.text)
                  00009d8f    00000019                       : args_main.obj (.text)
                  00009da8    0000000b                       : u_div.obj (.text)
                  00009db3    00000009                       : _lock.obj (.text)
                  00009dbc    00000008     DSP2833x_CodeStartBranch.obj (.text)
                  00009dc4    00000002     rts2800_fpu32.lib : pre_init.obj (.text)
                  00009dc6    00000001                       : startup.obj (.text)

.pinit     0    00008000    00000000     UNINITIALIZED

.adc_cal   0    00380080    00000007     NOLOAD SECTION
                  00380080    00000007     DSP2833x_ADC_cal.obj (.adc_cal)

.stack     1    00000400    00000300     UNINITIALIZED
                  00000400    00000300     --HOLE--

DevEmuRegsFile 
*          1    00000880    000000d0     UNINITIALIZED
                  00000880    000000d0     DSP2833x_GlobalVariableDefs.obj (DevEmuRegsFile)

FlashRegsFile 
*          1    00000a80    00000008     UNINITIALIZED
                  00000a80    00000008     DSP2833x_GlobalVariableDefs.obj (FlashRegsFile)

CsmRegsFile 
*          1    00000ae0    00000010     UNINITIALIZED
                  00000ae0    00000010     DSP2833x_GlobalVariableDefs.obj (CsmRegsFile)

AdcMirrorFile 
*          1    00000b00    00000010     UNINITIALIZED
                  00000b00    00000010     DSP2833x_GlobalVariableDefs.obj (AdcMirrorFile)

XintfRegsFile 
*          1    00000b20    0000001e     UNINITIALIZED
                  00000b20    0000001e     DSP2833x_GlobalVariableDefs.obj (XintfRegsFile)

CpuTimer0RegsFile 
*          1    00000c00    00000008     UNINITIALIZED
                  00000c00    00000008     DSP2833x_GlobalVariableDefs.obj (CpuTimer0RegsFile)

CpuTimer1RegsFile 
*          1    00000c08    00000008     UNINITIALIZED
                  00000c08    00000008     DSP2833x_GlobalVariableDefs.obj (CpuTimer1RegsFile)

CpuTimer2RegsFile 
*          1    00000c10    00000008     UNINITIALIZED
                  00000c10    00000008     DSP2833x_GlobalVariableDefs.obj (CpuTimer2RegsFile)

PieCtrlRegsFile 
*          1    00000ce0    0000001a     UNINITIALIZED
                  00000ce0    0000001a     DSP2833x_GlobalVariableDefs.obj (PieCtrlRegsFile)

PieVectTableFile 
*          1    00000d00    00000100     UNINITIALIZED
                  00000d00    00000100     DSP2833x_GlobalVariableDefs.obj (PieVectTableFile)

DmaRegsFile 
*          1    00001000    000000e0     UNINITIALIZED
                  00001000    000000e0     DSP2833x_GlobalVariableDefs.obj (DmaRegsFile)

McbspaRegsFile 
*          1    00005000    00000025     UNINITIALIZED
                  00005000    00000025     DSP2833x_GlobalVariableDefs.obj (McbspaRegsFile)

McbspbRegsFile 
*          1    00005040    00000025     UNINITIALIZED
                  00005040    00000025     DSP2833x_GlobalVariableDefs.obj (McbspbRegsFile)

ECanaRegsFile 
*          1    00006000    00000034     UNINITIALIZED
                  00006000    00000034     DSP2833x_GlobalVariableDefs.obj (ECanaRegsFile)

ECanaLAMRegsFile 
*          1    00006040    00000040     UNINITIALIZED
                  00006040    00000040     DSP2833x_GlobalVariableDefs.obj (ECanaLAMRegsFile)

ECanaMOTSRegsFile 
*          1    00006080    00000040     UNINITIALIZED
                  00006080    00000040     DSP2833x_GlobalVariableDefs.obj (ECanaMOTSRegsFile)

ECanaMOTORegsFile 
*          1    000060c0    00000040     UNINITIALIZED
                  000060c0    00000040     DSP2833x_GlobalVariableDefs.obj (ECanaMOTORegsFile)

ECanaMboxesFile 
*          1    00006100    00000100     UNINITIALIZED
                  00006100    00000100     DSP2833x_GlobalVariableDefs.obj (ECanaMboxesFile)

ECanbRegsFile 
*          1    00006200    00000034     UNINITIALIZED
                  00006200    00000034     DSP2833x_GlobalVariableDefs.obj (ECanbRegsFile)

ECanbLAMRegsFile 
*          1    00006240    00000040     UNINITIALIZED
                  00006240    00000040     DSP2833x_GlobalVariableDefs.obj (ECanbLAMRegsFile)

ECanbMOTSRegsFile 
*          1    00006280    00000040     UNINITIALIZED
                  00006280    00000040     DSP2833x_GlobalVariableDefs.obj (ECanbMOTSRegsFile)

ECanbMOTORegsFile 
*          1    000062c0    00000040     UNINITIALIZED
                  000062c0    00000040     DSP2833x_GlobalVariableDefs.obj (ECanbMOTORegsFile)

ECanbMboxesFile 
*          1    00006300    00000100     UNINITIALIZED
                  00006300    00000100     DSP2833x_GlobalVariableDefs.obj (ECanbMboxesFile)

EPwm1RegsFile 
*          1    00006800    00000022     UNINITIALIZED
                  00006800    00000022     DSP2833x_GlobalVariableDefs.obj (EPwm1RegsFile)

EPwm2RegsFile 
*          1    00006840    00000022     UNINITIALIZED
                  00006840    00000022     DSP2833x_GlobalVariableDefs.obj (EPwm2RegsFile)

EPwm3RegsFile 
*          1    00006880    00000022     UNINITIALIZED
                  00006880    00000022     DSP2833x_GlobalVariableDefs.obj (EPwm3RegsFile)

EPwm4RegsFile 
*          1    000068c0    00000022     UNINITIALIZED
                  000068c0    00000022     DSP2833x_GlobalVariableDefs.obj (EPwm4RegsFile)

EPwm5RegsFile 
*          1    00006900    00000022     UNINITIALIZED
                  00006900    00000022     DSP2833x_GlobalVariableDefs.obj (EPwm5RegsFile)

EPwm6RegsFile 
*          1    00006940    00000022     UNINITIALIZED
                  00006940    00000022     DSP2833x_GlobalVariableDefs.obj (EPwm6RegsFile)

ECap1RegsFile 
*          1    00006a00    00000020     UNINITIALIZED
                  00006a00    00000020     DSP2833x_GlobalVariableDefs.obj (ECap1RegsFile)

ECap2RegsFile 
*          1    00006a20    00000020     UNINITIALIZED
                  00006a20    00000020     DSP2833x_GlobalVariableDefs.obj (ECap2RegsFile)

ECap3RegsFile 
*          1    00006a40    00000020     UNINITIALIZED
                  00006a40    00000020     DSP2833x_GlobalVariableDefs.obj (ECap3RegsFile)

ECap4RegsFile 
*          1    00006a60    00000020     UNINITIALIZED
                  00006a60    00000020     DSP2833x_GlobalVariableDefs.obj (ECap4RegsFile)

ECap5RegsFile 
*          1    00006a80    00000020     UNINITIALIZED
                  00006a80    00000020     DSP2833x_GlobalVariableDefs.obj (ECap5RegsFile)

ECap6RegsFile 
*          1    00006aa0    00000020     UNINITIALIZED
                  00006aa0    00000020     DSP2833x_GlobalVariableDefs.obj (ECap6RegsFile)

EQep1RegsFile 
*          1    00006b00    00000040     UNINITIALIZED
                  00006b00    00000040     DSP2833x_GlobalVariableDefs.obj (EQep1RegsFile)

EQep2RegsFile 
*          1    00006b40    00000040     UNINITIALIZED
                  00006b40    00000040     DSP2833x_GlobalVariableDefs.obj (EQep2RegsFile)

GpioCtrlRegsFile 
*          1    00006f80    0000002e     UNINITIALIZED
                  00006f80    0000002e     DSP2833x_GlobalVariableDefs.obj (GpioCtrlRegsFile)

GpioDataRegsFile 
*          1    00006fc0    00000020     UNINITIALIZED
                  00006fc0    00000020     DSP2833x_GlobalVariableDefs.obj (GpioDataRegsFile)

GpioIntRegsFile 
*          1    00006fe0    0000000a     UNINITIALIZED
                  00006fe0    0000000a     DSP2833x_GlobalVariableDefs.obj (GpioIntRegsFile)

SysCtrlRegsFile 
*          1    00007010    00000020     UNINITIALIZED
                  00007010    00000020     DSP2833x_GlobalVariableDefs.obj (SysCtrlRegsFile)

SpiaRegsFile 
*          1    00007040    00000010     UNINITIALIZED
                  00007040    00000010     DSP2833x_GlobalVariableDefs.obj (SpiaRegsFile)

SciaRegsFile 
*          1    00007050    00000010     UNINITIALIZED
                  00007050    00000010     DSP2833x_GlobalVariableDefs.obj (SciaRegsFile)

XIntruptRegsFile 
*          1    00007070    00000010     UNINITIALIZED
                  00007070    00000010     DSP2833x_GlobalVariableDefs.obj (XIntruptRegsFile)

AdcRegsFile 
*          1    00007100    0000001e     UNINITIALIZED
                  00007100    0000001e     DSP2833x_GlobalVariableDefs.obj (AdcRegsFile)

ScibRegsFile 
*          1    00007750    00000010     UNINITIALIZED
                  00007750    00000010     DSP2833x_GlobalVariableDefs.obj (ScibRegsFile)

ScicRegsFile 
*          1    00007770    00000010     UNINITIALIZED
                  00007770    00000010     DSP2833x_GlobalVariableDefs.obj (ScicRegsFile)

I2caRegsFile 
*          1    00007900    00000022     UNINITIALIZED
                  00007900    00000022     DSP2833x_GlobalVariableDefs.obj (I2caRegsFile)

.ebss      1    0000c000    0000003c     UNINITIALIZED
                  0000c000    00000018     DSP2833x_CpuTimers.obj (.ebss)
                  0000c018    00000018     main.obj (.ebss)
                  0000c030    00000006     rts2800_fpu32.lib : exit.obj (.ebss)
                  0000c036    00000002                       : _lock.obj (.ebss:__lock)
                  0000c038    00000002                       : _lock.obj (.ebss:__unlock)
                  0000c03a    00000002                       : rand.obj (.ebss)

.econst    1    0000d000    00000508     
                  0000d000    000003eb     main.obj (.econst:.string)
                  0000d3eb    00000001     --HOLE-- [fill = 0]
                  0000d3ec    00000100     DSP2833x_PieVect.obj (.econst:_PieVectTableInit)
                  0000d4ec    0000001a     DSP2833x_SciStdio.obj (.econst:.string)
                  0000d506    00000002     DSP2833x_SciStdio.obj (.econst)

.reset     0    003fffc0    00000002     DSECT
                  003fffc0    00000002     rts2800_fpu32.lib : boot.obj (.reset)

csm_rsvd   0    0033ff80    00000000     DSECT

csmpasswds 
*          0    0033fff8    00000000     DSECT

CsmPwlFile 
*          1    0033fff8    00000008     UNINITIALIZED
                  0033fff8    00000008     DSP2833x_GlobalVariableDefs.obj (CsmPwlFile)

PartIdRegsFile 
*          1    00380090    00000001     UNINITIALIZED
                  00380090    00000001     DSP2833x_GlobalVariableDefs.obj (PartIdRegsFile)

MODULE SUMMARY

       Module                            code   ro data   rw data
       ------                            ----   -------   -------
    .\
       DSP2833x_GlobalVariableDefs.obj   0      0         2679   
       main.obj                          1141   0         1044   
       DSP2833x_SciStdio.obj             843    0         28     
       DSP2833x_DefaultIsr.obj           790    0         0      
       DSP2833x_PieVect.obj              32     0         256    
       DSP2833x_SysCtrl.obj              248    0         0      
       DSP2833x_Sci.obj                  74     0         0      
       DSP2833x_PieCtrl.obj              40     0         0      
       DSP2833x_CpuTimers.obj            0      0         24     
       DSP2833x_CodeStartBranch.obj      10     0         0      
       DSP2833x_ADC_cal.obj              7      0         0      
       DSP2833x_usDelay.obj              4      0         0      
    +--+---------------------------------+------+---------+---------+
       Total:                            3189   0         4031   
                                                                 
    D:\Software\CCS\ccsv6\tools\compiler\ti-cgt-c2000_15.12.1.LTS\lib\rts2800_fpu32.lib
       boot.obj                          86     0         0      
       cpy_tbl.obj                       70     0         0      
       exit.obj                          41     0         20     
       rand.obj                          46     0         7      
       i_div.obj                         34     0         0      
       cpy_utils.obj                     26     0         0      
       args_main.obj                     25     0         0      
       _lock.obj                         9      0         14     
       u_div.obj                         11     0         0      
       pre_init.obj                      2      0         0      
       startup.obj                       1      0         0      
    +--+---------------------------------+------+---------+---------+
       Total:                            351    0         41     
                                                                 
       Stack:                            0      0         768    
    +--+---------------------------------+------+---------+---------+
       Grand Total:                      3540   0         4840   


GLOBAL DATA SYMBOLS: SORTED BY DATA PAGE

address     data page           name
--------    ----------------    ----
00000400      10 (00000400)     __stack

00000880      22 (00000880)     _DevEmuRegs

00000a80      2a (00000a80)     _FlashRegs

00000ae0      2b (00000ac0)     _CsmRegs

00000b00      2c (00000b00)     _AdcMirror
00000b20      2c (00000b00)     _XintfRegs

00000c00      30 (00000c00)     _CpuTimer0Regs
00000c08      30 (00000c00)     _CpuTimer1Regs
00000c10      30 (00000c00)     _CpuTimer2Regs

00000ce0      33 (00000cc0)     _PieCtrlRegs

00000d00      34 (00000d00)     _PieVectTable

00001000      40 (00001000)     _DmaRegs

00005000     140 (00005000)     _McbspaRegs

00005040     141 (00005040)     _McbspbRegs

00006000     180 (00006000)     _ECanaRegs

00006040     181 (00006040)     _ECanaLAMRegs

00006080     182 (00006080)     _ECanaMOTSRegs

000060c0     183 (000060c0)     _ECanaMOTORegs

00006100     184 (00006100)     _ECanaMboxes

00006200     188 (00006200)     _ECanbRegs

00006240     189 (00006240)     _ECanbLAMRegs

00006280     18a (00006280)     _ECanbMOTSRegs

000062c0     18b (000062c0)     _ECanbMOTORegs

00006300     18c (00006300)     _ECanbMboxes

00006800     1a0 (00006800)     _EPwm1Regs

00006840     1a1 (00006840)     _EPwm2Regs

00006880     1a2 (00006880)     _EPwm3Regs

000068c0     1a3 (000068c0)     _EPwm4Regs

00006900     1a4 (00006900)     _EPwm5Regs

00006940     1a5 (00006940)     _EPwm6Regs

00006a00     1a8 (00006a00)     _ECap1Regs
00006a20     1a8 (00006a00)     _ECap2Regs

00006a40     1a9 (00006a40)     _ECap3Regs
00006a60     1a9 (00006a40)     _ECap4Regs

00006a80     1aa (00006a80)     _ECap5Regs
00006aa0     1aa (00006a80)     _ECap6Regs

00006b00     1ac (00006b00)     _EQep1Regs

00006b40     1ad (00006b40)     _EQep2Regs

00006f80     1be (00006f80)     _GpioCtrlRegs

00006fc0     1bf (00006fc0)     _GpioDataRegs
00006fe0     1bf (00006fc0)     _GpioIntRegs

00007010     1c0 (00007000)     _SysCtrlRegs

00007040     1c1 (00007040)     _SpiaRegs
00007050     1c1 (00007040)     _SciaRegs
00007070     1c1 (00007040)     _XIntruptRegs

00007100     1c4 (00007100)     _AdcRegs

00007750     1dd (00007740)     _ScibRegs
00007770     1dd (00007740)     _ScicRegs

00007900     1e4 (00007900)     _I2caRegs

0000c000     300 (0000c000)     _CpuTimer1
0000c008     300 (0000c000)     _CpuTimer2
0000c010     300 (0000c000)     _CpuTimer0
0000c018     300 (0000c000)     _result_flag
0000c019     300 (0000c000)     _RC2
0000c01a     300 (0000c000)     _RC1
0000c01b     300 (0000c000)     _flag
0000c01c     300 (0000c000)     _result
0000c01e     300 (0000c000)     _Xint2Count
0000c020     300 (0000c000)     _Xint2Loop
0000c022     300 (0000c000)     _Xint1Count
0000c024     300 (0000c000)     _P
0000c02a     300 (0000c000)     _PR
0000c030     300 (0000c000)     ___TI_enable_exit_profile_output
0000c032     300 (0000c000)     ___TI_cleanup_ptr
0000c034     300 (0000c000)     ___TI_dtors_ptr
0000c036     300 (0000c000)     __lock
0000c038     300 (0000c000)     __unlock

0000d3ec     34f (0000d3c0)     _PieVectTableInit

0033fff8    cfff (0033ffc0)     _CsmPwl

00380090    e002 (00380080)     _PartIdRegs


GLOBAL SYMBOLS: SORTED ALPHABETICALLY BY Name 

page  address   name                            
----  -------   ----                            
0     00009000  .text                           
0     00009ce2  C$$EXIT                         
0     00009d33  I$$DIV                          
0     00009d44  I$$MOD                          
0     00009da8  U$$DIV                          
0     00009dad  U$$MOD                          
0     000098a6  _ADCINT_ISR                     
0     00380080  _ADC_cal                        
1     00000b00  _AdcMirror                      
1     00007100  _AdcRegs                        
1     0000c010  _CpuTimer0                      
1     00000c00  _CpuTimer0Regs                  
1     0000c000  _CpuTimer1                      
1     00000c08  _CpuTimer1Regs                  
1     0000c008  _CpuTimer2                      
1     00000c10  _CpuTimer2Regs                  
1     0033fff8  _CsmPwl                         
1     00000ae0  _CsmRegs                        
0     00009b9d  _CsmUnlock                      
0     000097d4  _DATALOG_ISR                    
0     000099c8  _DINTCH1_ISR                    
0     000099d2  _DINTCH2_ISR                    
0     000099dc  _DINTCH3_ISR                    
0     000099e6  _DINTCH4_ISR                    
0     000099f0  _DINTCH5_ISR                    
0     000099fa  _DINTCH6_ISR                    
0     00008030  _DSP28x_usDelay                 
1     00000880  _DevEmuRegs                     
0     00009ae9  _DisableDog                     
1     00001000  _DmaRegs                        
0     00009a54  _ECAN0INTA_ISR                  
0     00009a68  _ECAN0INTB_ISR                  
0     00009a5e  _ECAN1INTA_ISR                  
0     00009a72  _ECAN1INTB_ISR                  
0     0000993c  _ECAP1_INT_ISR                  
0     00009946  _ECAP2_INT_ISR                  
0     00009950  _ECAP3_INT_ISR                  
0     0000995a  _ECAP4_INT_ISR                  
0     00009964  _ECAP5_INT_ISR                  
0     0000996e  _ECAP6_INT_ISR                  
1     00006040  _ECanaLAMRegs                   
1     000060c0  _ECanaMOTORegs                  
1     00006080  _ECanaMOTSRegs                  
1     00006100  _ECanaMboxes                    
1     00006000  _ECanaRegs                      
1     00006240  _ECanbLAMRegs                   
1     000062c0  _ECanbMOTORegs                  
1     00006280  _ECanbMOTSRegs                  
1     00006300  _ECanbMboxes                    
1     00006200  _ECanbRegs                      
1     00006a00  _ECap1Regs                      
1     00006a20  _ECap2Regs                      
1     00006a40  _ECap3Regs                      
1     00006a60  _ECap4Regs                      
1     00006a80  _ECap5Regs                      
1     00006aa0  _ECap6Regs                      
0     000097e8  _EMUINT_ISR                     
0     00009900  _EPWM1_INT_ISR                  
0     000098c4  _EPWM1_TZINT_ISR                
0     0000990a  _EPWM2_INT_ISR                  
0     000098ce  _EPWM2_TZINT_ISR                
0     00009914  _EPWM3_INT_ISR                  
0     000098d8  _EPWM3_TZINT_ISR                
0     0000991e  _EPWM4_INT_ISR                  
0     000098e2  _EPWM4_TZINT_ISR                
0     00009928  _EPWM5_INT_ISR                  
0     000098ec  _EPWM5_TZINT_ISR                
0     00009932  _EPWM6_INT_ISR                  
0     000098f6  _EPWM6_TZINT_ISR                
1     00006800  _EPwm1Regs                      
1     00006840  _EPwm2Regs                      
1     00006880  _EPwm3Regs                      
1     000068c0  _EPwm4Regs                      
1     00006900  _EPwm5Regs                      
1     00006940  _EPwm6Regs                      
0     00009978  _EQEP1_INT_ISR                  
0     00009982  _EQEP2_INT_ISR                  
1     00006b00  _EQep1Regs                      
1     00006b40  _EQep2Regs                      
0     00009d2a  _EnableInterrupts               
1     00000a80  _FlashRegs                      
1     00006f80  _GpioCtrlRegs                   
1     00006fc0  _GpioDataRegs                   
1     00006fe0  _GpioIntRegs                    
0     00009434  _Gpio_ShowState                 
0     00009457  _Gpio_select                    
0     00009a04  _I2CINT1A_ISR                   
0     00009a0e  _I2CINT2A_ISR                   
1     00007900  _I2caRegs                       
0     000097fc  _ILLEGAL_ISR                    
0     000097c0  _INT13_ISR                      
0     000097ca  _INT14_ISR                      
0     00009b42  _InitPeripheralClocks           
0     00009d0b  _InitPieCtrl                    
0     00009d55  _InitPieVectTable               
0     00009af1  _InitPll                        
0     00009c24  _InitSci                        
0     00009c25  _InitSciGpio                    
0     00009c2c  _InitSciaGpio                   
0     00009c42  _InitScibGpio                   
0     00009c58  _InitScicGpio                   
0     00009ad6  _InitSysCtrl                    
0     0000929a  _Init_Port                      
0     000093d3  _LCD_init                       
0     00009363  _LCD_write_command              
0     0000939b  _LCD_write_data                 
0     00009ab8  _LUF_ISR                        
0     00009aae  _LVF_ISR                        
0     000099b4  _MRINTA_ISR                     
0     000099a0  _MRINTB_ISR                     
0     000099be  _MXINTA_ISR                     
0     000099aa  _MXINTB_ISR                     
1     00005000  _McbspaRegs                     
1     00005040  _McbspbRegs                     
0     000097f2  _NMI_ISR                        
1     0000c024  _P                              
0     00009ac2  _PIE_RESERVED                   
1     0000c02a  _PR                             
1     00380090  _PartIdRegs                     
1     00000ce0  _PieCtrlRegs                    
1     00000d00  _PieVectTable                   
1     0000d3ec  _PieVectTableInit               
1     0000c01a  _RC1                            
1     0000c019  _RC2                            
0     00009201  _RECV                           
0     000097de  _RTOSINT_ISR                    
0     0000949d  _SCIConsoleGetc                 
0     000094a9  _SCIConsoleInit                 
0     00009491  _SCIConsolePutc                 
0     000095dc  _SCIGetHexNum                   
0     000095a7  _SCIGetNum                      
0     00009655  _SCIGetc                        
0     000094da  _SCIGets                        
0     0000954d  _SCIPutHexNum                   
0     00009500  _SCIPutNum                      
0     0000964f  _SCIPutc                        
0     000094b3  _SCIPuts                        
0     00009a2c  _SCIRXINTA_ISR                  
0     00009a40  _SCIRXINTB_ISR                  
0     00009a18  _SCIRXINTC_ISR                  
0     000094b0  _SCIStdioInit                   
0     00009a36  _SCITXINTA_ISR                  
0     00009a4a  _SCITXINTB_ISR                  
0     00009a22  _SCITXINTC_ISR                  
0     00009240  _SCI_RECV                       
0     00009672  _SCIprintf                      
0     00009658  _SCIwrite                       
0     0000987e  _SEQ1INT_ISR                    
0     00009888  _SEQ2INT_ISR                    
0     0000998c  _SPIRXINTA_ISR                  
0     00009996  _SPITXINTA_ISR                  
1     00007050  _SciaRegs                       
0     00009489  _ScibFifoInit                   
0     00009475  _ScibInit                       
1     00007750  _ScibRegs                       
1     00007770  _ScicRegs                       
0     00009adf  _ServiceDog                     
1     00007040  _SpiaRegs                       
1     00007010  _SysCtrlRegs                    
0     000098b0  _TINT0_ISR                      
0     00009860  _USER10_ISR                     
0     0000986a  _USER11_ISR                     
0     00009874  _USER12_ISR                     
0     00009806  _USER1_ISR                      
0     00009810  _USER2_ISR                      
0     0000981a  _USER3_ISR                      
0     00009824  _USER4_ISR                      
0     0000982e  _USER5_ISR                      
0     00009838  _USER6_ISR                      
0     00009842  _USER7_ISR                      
0     0000984c  _USER8_ISR                      
0     00009856  _USER9_ISR                      
0     000098ba  _WAKEINT_ISR                    
0     00009892  _XINT1_ISR                      
0     0000989c  _XINT2_ISR                      
0     00009a7c  _XINT3_ISR                      
0     00009a86  _XINT4_ISR                      
0     00009a90  _XINT5_ISR                      
0     00009a9a  _XINT6_ISR                      
0     00009aa4  _XINT7_ISR                      
1     00007070  _XIntruptRegs                   
1     0000c022  _Xint1Count                     
1     0000c01e  _Xint2Count                     
1     0000c020  _Xint2Loop                      
1     00000b20  _XintfRegs                      
1     00000700  __STACK_END                     
abs   00000300  __STACK_SIZE                    
1     0000c032  ___TI_cleanup_ptr               
1     0000c034  ___TI_dtors_ptr                 
1     0000c030  ___TI_enable_exit_profile_output
abs   ffffffff  ___TI_pprof_out_hndl            
abs   ffffffff  ___TI_prof_data_size            
abs   ffffffff  ___TI_prof_data_start           
abs   ffffffff  ___binit__                      
abs   ffffffff  ___c_args__                     
0     00008000  ___cinit__                      
0     00009dc7  ___etext__                      
abs   ffffffff  ___pinit__                      
0     00009000  ___text__                       
0     00009d8f  __args_main                     
1     0000c036  __lock                          
0     00009dbb  __nop                           
0     00009db7  __register_lock                 
0     00009db3  __register_unlock               
1     00000400  __stack                         
0     00009dc6  __system_post_cinit             
0     00009dc4  __system_pre_init               
1     0000c038  __unlock                        
0     00009ce2  _abort                          
0     00009bce  _c_int00                        
0     00009c6e  _copy_in                        
0     00009d75  _ddcopy                         
0     000092ec  _delay_loop_fast                
0     000092c0  _delay_loop_slow                
0     00009d75  _dpcopy                         
0     00009ce4  _exit                           
1     0000c01b  _flag                           
0     00009312  _getnum                         
0     000091f2  _init_pos                       
0     00009000  _main                           
0     00009d75  _pdcopy                         
0     00009d75  _ppcopy                         
0     00009cc4  _rand                           
1     0000c01c  _result                         
1     0000c018  _result_flag                    
0     00009acc  _rsvd_ISR                       
0     000093fb  _scib_echoback_init             
0     0000942c  _scib_fifo_init                 
0     00009419  _scib_msg                       
0     0000940d  _scib_xmit                      
0     00009350  _show                           
0     00009cb4  _srand                          
abs   ffffffff  binit                           
0     00008000  cinit                           
0     00000000  code_start                      
0     00009dc7  etext                           
abs   ffffffff  pinit                           


GLOBAL SYMBOLS: SORTED BY Symbol Address 

page  address   name                            
----  -------   ----                            
0     00000000  code_start                      
0     00008000  ___cinit__                      
0     00008000  cinit                           
0     00008030  _DSP28x_usDelay                 
0     00009000  .text                           
0     00009000  ___text__                       
0     00009000  _main                           
0     000091f2  _init_pos                       
0     00009201  _RECV                           
0     00009240  _SCI_RECV                       
0     0000929a  _Init_Port                      
0     000092c0  _delay_loop_slow                
0     000092ec  _delay_loop_fast                
0     00009312  _getnum                         
0     00009350  _show                           
0     00009363  _LCD_write_command              
0     0000939b  _LCD_write_data                 
0     000093d3  _LCD_init                       
0     000093fb  _scib_echoback_init             
0     0000940d  _scib_xmit                      
0     00009419  _scib_msg                       
0     0000942c  _scib_fifo_init                 
0     00009434  _Gpio_ShowState                 
0     00009457  _Gpio_select                    
0     00009475  _ScibInit                       
0     00009489  _ScibFifoInit                   
0     00009491  _SCIConsolePutc                 
0     0000949d  _SCIConsoleGetc                 
0     000094a9  _SCIConsoleInit                 
0     000094b0  _SCIStdioInit                   
0     000094b3  _SCIPuts                        
0     000094da  _SCIGets                        
0     00009500  _SCIPutNum                      
0     0000954d  _SCIPutHexNum                   
0     000095a7  _SCIGetNum                      
0     000095dc  _SCIGetHexNum                   
0     0000964f  _SCIPutc                        
0     00009655  _SCIGetc                        
0     00009658  _SCIwrite                       
0     00009672  _SCIprintf                      
0     000097c0  _INT13_ISR                      
0     000097ca  _INT14_ISR                      
0     000097d4  _DATALOG_ISR                    
0     000097de  _RTOSINT_ISR                    
0     000097e8  _EMUINT_ISR                     
0     000097f2  _NMI_ISR                        
0     000097fc  _ILLEGAL_ISR                    
0     00009806  _USER1_ISR                      
0     00009810  _USER2_ISR                      
0     0000981a  _USER3_ISR                      
0     00009824  _USER4_ISR                      
0     0000982e  _USER5_ISR                      
0     00009838  _USER6_ISR                      
0     00009842  _USER7_ISR                      
0     0000984c  _USER8_ISR                      
0     00009856  _USER9_ISR                      
0     00009860  _USER10_ISR                     
0     0000986a  _USER11_ISR                     
0     00009874  _USER12_ISR                     
0     0000987e  _SEQ1INT_ISR                    
0     00009888  _SEQ2INT_ISR                    
0     00009892  _XINT1_ISR                      
0     0000989c  _XINT2_ISR                      
0     000098a6  _ADCINT_ISR                     
0     000098b0  _TINT0_ISR                      
0     000098ba  _WAKEINT_ISR                    
0     000098c4  _EPWM1_TZINT_ISR                
0     000098ce  _EPWM2_TZINT_ISR                
0     000098d8  _EPWM3_TZINT_ISR                
0     000098e2  _EPWM4_TZINT_ISR                
0     000098ec  _EPWM5_TZINT_ISR                
0     000098f6  _EPWM6_TZINT_ISR                
0     00009900  _EPWM1_INT_ISR                  
0     0000990a  _EPWM2_INT_ISR                  
0     00009914  _EPWM3_INT_ISR                  
0     0000991e  _EPWM4_INT_ISR                  
0     00009928  _EPWM5_INT_ISR                  
0     00009932  _EPWM6_INT_ISR                  
0     0000993c  _ECAP1_INT_ISR                  
0     00009946  _ECAP2_INT_ISR                  
0     00009950  _ECAP3_INT_ISR                  
0     0000995a  _ECAP4_INT_ISR                  
0     00009964  _ECAP5_INT_ISR                  
0     0000996e  _ECAP6_INT_ISR                  
0     00009978  _EQEP1_INT_ISR                  
0     00009982  _EQEP2_INT_ISR                  
0     0000998c  _SPIRXINTA_ISR                  
0     00009996  _SPITXINTA_ISR                  
0     000099a0  _MRINTB_ISR                     
0     000099aa  _MXINTB_ISR                     
0     000099b4  _MRINTA_ISR                     
0     000099be  _MXINTA_ISR                     
0     000099c8  _DINTCH1_ISR                    
0     000099d2  _DINTCH2_ISR                    
0     000099dc  _DINTCH3_ISR                    
0     000099e6  _DINTCH4_ISR                    
0     000099f0  _DINTCH5_ISR                    
0     000099fa  _DINTCH6_ISR                    
0     00009a04  _I2CINT1A_ISR                   
0     00009a0e  _I2CINT2A_ISR                   
0     00009a18  _SCIRXINTC_ISR                  
0     00009a22  _SCITXINTC_ISR                  
0     00009a2c  _SCIRXINTA_ISR                  
0     00009a36  _SCITXINTA_ISR                  
0     00009a40  _SCIRXINTB_ISR                  
0     00009a4a  _SCITXINTB_ISR                  
0     00009a54  _ECAN0INTA_ISR                  
0     00009a5e  _ECAN1INTA_ISR                  
0     00009a68  _ECAN0INTB_ISR                  
0     00009a72  _ECAN1INTB_ISR                  
0     00009a7c  _XINT3_ISR                      
0     00009a86  _XINT4_ISR                      
0     00009a90  _XINT5_ISR                      
0     00009a9a  _XINT6_ISR                      
0     00009aa4  _XINT7_ISR                      
0     00009aae  _LVF_ISR                        
0     00009ab8  _LUF_ISR                        
0     00009ac2  _PIE_RESERVED                   
0     00009acc  _rsvd_ISR                       
0     00009ad6  _InitSysCtrl                    
0     00009adf  _ServiceDog                     
0     00009ae9  _DisableDog                     
0     00009af1  _InitPll                        
0     00009b42  _InitPeripheralClocks           
0     00009b9d  _CsmUnlock                      
0     00009bce  _c_int00                        
0     00009c24  _InitSci                        
0     00009c25  _InitSciGpio                    
0     00009c2c  _InitSciaGpio                   
0     00009c42  _InitScibGpio                   
0     00009c58  _InitScicGpio                   
0     00009c6e  _copy_in                        
0     00009cb4  _srand                          
0     00009cc4  _rand                           
0     00009ce2  C$$EXIT                         
0     00009ce2  _abort                          
0     00009ce4  _exit                           
0     00009d0b  _InitPieCtrl                    
0     00009d2a  _EnableInterrupts               
0     00009d33  I$$DIV                          
0     00009d44  I$$MOD                          
0     00009d55  _InitPieVectTable               
0     00009d75  _ddcopy                         
0     00009d75  _dpcopy                         
0     00009d75  _pdcopy                         
0     00009d75  _ppcopy                         
0     00009d8f  __args_main                     
0     00009da8  U$$DIV                          
0     00009dad  U$$MOD                          
0     00009db3  __register_unlock               
0     00009db7  __register_lock                 
0     00009dbb  __nop                           
0     00009dc4  __system_pre_init               
0     00009dc6  __system_post_cinit             
0     00009dc7  ___etext__                      
0     00009dc7  etext                           
0     00380080  _ADC_cal                        
1     00000400  __stack                         
1     00000700  __STACK_END                     
1     00000880  _DevEmuRegs                     
1     00000a80  _FlashRegs                      
1     00000ae0  _CsmRegs                        
1     00000b00  _AdcMirror                      
1     00000b20  _XintfRegs                      
1     00000c00  _CpuTimer0Regs                  
1     00000c08  _CpuTimer1Regs                  
1     00000c10  _CpuTimer2Regs                  
1     00000ce0  _PieCtrlRegs                    
1     00000d00  _PieVectTable                   
1     00001000  _DmaRegs                        
1     00005000  _McbspaRegs                     
1     00005040  _McbspbRegs                     
1     00006000  _ECanaRegs                      
1     00006040  _ECanaLAMRegs                   
1     00006080  _ECanaMOTSRegs                  
1     000060c0  _ECanaMOTORegs                  
1     00006100  _ECanaMboxes                    
1     00006200  _ECanbRegs                      
1     00006240  _ECanbLAMRegs                   
1     00006280  _ECanbMOTSRegs                  
1     000062c0  _ECanbMOTORegs                  
1     00006300  _ECanbMboxes                    
1     00006800  _EPwm1Regs                      
1     00006840  _EPwm2Regs                      
1     00006880  _EPwm3Regs                      
1     000068c0  _EPwm4Regs                      
1     00006900  _EPwm5Regs                      
1     00006940  _EPwm6Regs                      
1     00006a00  _ECap1Regs                      
1     00006a20  _ECap2Regs                      
1     00006a40  _ECap3Regs                      
1     00006a60  _ECap4Regs                      
1     00006a80  _ECap5Regs                      
1     00006aa0  _ECap6Regs                      
1     00006b00  _EQep1Regs                      
1     00006b40  _EQep2Regs                      
1     00006f80  _GpioCtrlRegs                   
1     00006fc0  _GpioDataRegs                   
1     00006fe0  _GpioIntRegs                    
1     00007010  _SysCtrlRegs                    
1     00007040  _SpiaRegs                       
1     00007050  _SciaRegs                       
1     00007070  _XIntruptRegs                   
1     00007100  _AdcRegs                        
1     00007750  _ScibRegs                       
1     00007770  _ScicRegs                       
1     00007900  _I2caRegs                       
1     0000c000  _CpuTimer1                      
1     0000c008  _CpuTimer2                      
1     0000c010  _CpuTimer0                      
1     0000c018  _result_flag                    
1     0000c019  _RC2                            
1     0000c01a  _RC1                            
1     0000c01b  _flag                           
1     0000c01c  _result                         
1     0000c01e  _Xint2Count                     
1     0000c020  _Xint2Loop                      
1     0000c022  _Xint1Count                     
1     0000c024  _P                              
1     0000c02a  _PR                             
1     0000c030  ___TI_enable_exit_profile_output
1     0000c032  ___TI_cleanup_ptr               
1     0000c034  ___TI_dtors_ptr                 
1     0000c036  __lock                          
1     0000c038  __unlock                        
1     0000d3ec  _PieVectTableInit               
1     0033fff8  _CsmPwl                         
1     00380090  _PartIdRegs                     
abs   00000300  __STACK_SIZE                    
abs   ffffffff  ___TI_pprof_out_hndl            
abs   ffffffff  ___TI_prof_data_size            
abs   ffffffff  ___TI_prof_data_start           
abs   ffffffff  ___binit__                      
abs   ffffffff  ___c_args__                     
abs   ffffffff  ___pinit__                      
abs   ffffffff  binit                           
abs   ffffffff  pinit                           

[237 symbols]
